[dotenv@17.2.4] injecting env (4) from .env -- tip: ≡ƒöÉ prevent building .env in docker: https://dotenvx.com/prebuild
Admin: admin@example.com
Test Password "admin@123" Match: false
Updating password to admin@123...
node : Error: 
TypeError: next is 
not a function
At line:1 char:1
+ node 
test_password.js > 
test_output.txt 2>&1
+ ~~~~~~~~~~~~~~~~~~~
~~~~~~~~~~~~~~~~~~~~~
~~~~
    + CategoryInfo   
           : NotSpe  
  cified: (Error:    
 TypeError: next     
is not a functio    
n:String) [], Re    
moteException
    + FullyQualified 
   ErrorId : Native  
  CommandError
 
    at 
model.<anonymous> 
(F:\Mini Project2\bac
kend\models\User.js:6
4:16)
    at 
Kareem.execPre 
(F:\Mini Project2\bac
kend\node_modules\kar
eem\index.js:68:39)
    at async 
model.$__save 
(F:\Mini Project2\bac
kend\node_modules\mon
goose\lib\model.js:37
1:5)
    at async 
model.save (F:\Mini P
roject2\backend\node_
modules\mongoose\lib\
model.js:614:5)
    at async 
testPassword 
(F:\Mini Project2\bac
kend\test_password.js
:21:17)
